// Jest Snapshot v1, https://goo.gl/fbAQLP

exports[`ImageGrid should render the image grid page 1`] = `ShallowWrapper {}`;
